pack     : com.mokshagna.klien v0.3.0 — Klien
state    : idle  [quiescent]
clip     : idle  7 frame(s), loop=forever
cell     : 128x128 @2x
hit mask : 43 cells, 128x128, cell 0 has 3445 opaque px
  idle       initialState     no timer           timers=0 link=no  x=735

claim 1  window
         borderless=true nonactivating=true opaque=false
         level=3 ignoresMouseEvents=true canBecomeKey=false
         activationPolicy=accessory (no Dock, no cmd-Tab)
claim 3  timers
         pointer monitor installed=false (only if a state reacts to the pointer)
         live timers now=0  display link=none
perching
         mode=off  pack declares windowEdges=true
         accessibility granted=true  perched=false

pid      : 11225
verify   : sudo timerfires -p 11225
CAPTURE_RECT 599,638,272,272
soaking 60s from state 'idle' ...

CPU used : 0.0275 s over 63.0 s wall  (0.0437% of one core)
projected: 1.57 s CPU per idle hour  (target < 7 s)
transitions: 1, scheduler wakes: 0
display link: starts=0 ticks=0 running=false
window enumerations: 0  (must be 0 outside a drag)
